> Task :compileJava NO-SOURCE
> Task :compileGroovy UP-TO-DATE
> Task :i18nPackage UP-TO-DATE
> Task :scribeResources UP-TO-DATE
> Task :processResources UP-TO-DATE
> Task :classes UP-TO-DATE
> Task :compileTestJava NO-SOURCE
> Task :compileTestGroovy UP-TO-DATE
> Task :processTestResources NO-SOURCE
> Task :testClasses UP-TO-DATE

> Task :test FAILED

[0K[1mcom.morpheusdata.scvmm.util.MorpheusUtilSpec[m

[0K[1m  Test [22msaveAndGetMorpheusServer should save server successfully and return updated server when fullReload is false[31m FAILED[31m

  java.lang.ExceptionInInitializerError
      at java.base/java.lang.Class.forName(Class.java:467)
      at java.base/java.security.AccessController.doPrivileged(AccessController.java:318)
      at com.morpheusdata.scvmm.util.MorpheusUtilSpec.saveAndGetMorpheusServer should save server successfully and return updated server when fullReload is false(MorpheusUtilSpec.groovy:56)
  Caused by: org.codehaus.groovy.runtime.typehandling.GroovyCastException: Cannot cast object 'Mock for type 'LogInterface' named 'mockLog'' with class 'jdk.proxy3.$Proxy26' to class 'com.morpheusdata.scvmm.logging.LogWrapper'
      at org.spockframework.mock.response.ConstantResponseGenerator.doRespond(ConstantResponseGenerator.java:35)
      at org.spockframework.mock.response.SingleResponseGenerator.respond(SingleResponseGenerator.java:32)
      at org.spockframework.mock.response.ResponseGeneratorChain.respond(ResponseGeneratorChain.java:44)
      at org.spockframework.mock.runtime.MockInteraction.accept(MockInteraction.java:73)
      at org.spockframework.mock.runtime.MockInteractionDecorator.accept(MockInteractionDecorator.java:50)
      at org.spockframework.mock.runtime.InteractionScope$1.accept(InteractionScope.java:57)
      at org.spockframework.mock.runtime.MockController.handle(MockController.java:40)
      at org.spockframework.mock.runtime.GroovyMockMetaClass.doInvokeMethod(GroovyMockMetaClass.java:111)
      at org.spockframework.mock.runtime.GroovyMockMetaClass.invokeMethod(GroovyMockMetaClass.java:41)
      at org.spockframework.mock.runtime.GroovyMockMetaClass.getProperty(GroovyMockMetaClass.java:57)
      ... 3 more
[m

MorpheusUtilSpec > saveAndGetMorpheusServer should save server successfully and return updated server when fullReload is false FAILED
    java.lang.ExceptionInInitializerError
        at java.base/java.lang.Class.forName(Class.java:467)
        at java.base/java.security.AccessController.doPrivileged(AccessController.java:318)
        at com.morpheusdata.scvmm.util.MorpheusUtilSpec.saveAndGetMorpheusServer should save server successfully and return updated server when fullReload is false(MorpheusUtilSpec.groovy:56)

        Caused by:
        org.codehaus.groovy.runtime.typehandling.GroovyCastException: Cannot cast object 'Mock for type 'LogInterface' named 'mockLog'' with class 'jdk.proxy3.$Proxy26' to class 'com.morpheusdata.scvmm.logging.LogWrapper'
            at org.spockframework.mock.response.ConstantResponseGenerator.doRespond(ConstantResponseGenerator.java:35)
            at org.spockframework.mock.response.SingleResponseGenerator.respond(SingleResponseGenerator.java:32)
            at org.spockframework.mock.response.ResponseGeneratorChain.respond(ResponseGeneratorChain.java:44)
            at org.spockframework.mock.runtime.MockInteraction.accept(MockInteraction.java:73)
            at org.spockframework.mock.runtime.MockInteractionDecorator.accept(MockInteractionDecorator.java:50)
            at org.spockframework.mock.runtime.InteractionScope$1.accept(InteractionScope.java:57)
            at org.spockframework.mock.runtime.MockController.handle(MockController.java:40)
            at org.spockframework.mock.runtime.GroovyMockMetaClass.doInvokeMethod(GroovyMockMetaClass.java:111)
            at org.spockframework.mock.runtime.GroovyMockMetaClass.invokeMethod(GroovyMockMetaClass.java:41)
            at org.spockframework.mock.runtime.GroovyMockMetaClass.getProperty(GroovyMockMetaClass.java:57)
            ... 3 more
[0K[1m  Test [22msaveAndGetMorpheusServer should save server successfully and return reloaded server when fullReload is true[31m FAILED[31m

  java.lang.NoClassDefFoundError: Could not initialize class com.morpheusdata.scvmm.util.MorpheusUtil
      at java.base/java.lang.Class.forName(Class.java:467)
      at java.base/java.security.AccessController.doPrivileged(AccessController.java:318)
      at com.morpheusdata.scvmm.util.MorpheusUtilSpec.saveAndGetMorpheusServer should save server successfully and return reloaded server when fullReload is true(MorpheusUtilSpec.groovy:77)
  Caused by: java.lang.ExceptionInInitializerError: Exception org.codehaus.groovy.runtime.typehandling.GroovyCastException: Cannot cast object 'Mock for type 'LogInterface' named 'mockLog'' with class 'jdk.proxy3.$Proxy26' to class 'com.morpheusdata.scvmm.logging.LogWrapper' [in thread "Test worker"]
      at org.spockframework.mock.response.ConstantResponseGenerator.doRespond(ConstantResponseGenerator.java:35)
      at org.spockframework.mock.response.SingleResponseGenerator.respond(SingleResponseGenerator.java:32)
      at org.spockframework.mock.response.ResponseGeneratorChain.respond(ResponseGeneratorChain.java:44)
      at org.spockframework.mock.runtime.MockInteraction.accept(MockInteraction.java:73)
      at org.spockframework.mock.runtime.MockInteractionDecorator.accept(MockInteractionDecorator.java:50)
      at org.spockframework.mock.runtime.InteractionScope$1.accept(InteractionScope.java:57)
      at org.spockframework.mock.runtime.MockController.handle(MockController.java:40)
      at org.spockframework.mock.runtime.GroovyMockMetaClass.doInvokeMethod(GroovyMockMetaClass.java:111)
      at org.spockframework.mock.runtime.GroovyMockMetaClass.invokeMethod(GroovyMockMetaClass.java:41)
      at org.spockframework.mock.runtime.GroovyMockMetaClass.getProperty(GroovyMockMetaClass.java:57)
      at java.base/java.lang.Class.forName(Class.java:467)
      at java.base/java.security.AccessController.doPrivileged(AccessController.java:318)
      at com.morpheusdata.scvmm.util.MorpheusUtilSpec.saveAndGetMorpheusServer should save server successfully and return updated server when fullReload is false(MorpheusUtilSpec.groovy:56)
[m

MorpheusUtilSpec > saveAndGetMorpheusServer should save server successfully and return reloaded server when fullReload is true FAILED
    java.lang.NoClassDefFoundError: Could not initialize class com.morpheusdata.scvmm.util.MorpheusUtil
        at java.base/java.lang.Class.forName(Class.java:467)
        at java.base/java.security.AccessController.doPrivileged(AccessController.java:318)
        at com.morpheusdata.scvmm.util.MorpheusUtilSpec.saveAndGetMorpheusServer should save server successfully and return reloaded server when fullReload is true(MorpheusUtilSpec.groovy:77)

        Caused by:
        java.lang.ExceptionInInitializerError: Exception org.codehaus.groovy.runtime.typehandling.GroovyCastException: Cannot cast object 'Mock for type 'LogInterface' named 'mockLog'' with class 'jdk.proxy3.$Proxy26' to class 'com.morpheusdata.scvmm.logging.LogWrapper' [in thread "Test worker"]
            at org.spockframework.mock.response.ConstantResponseGenerator.doRespond(ConstantResponseGenerator.java:35)
            at org.spockframework.mock.response.SingleResponseGenerator.respond(SingleResponseGenerator.java:32)
            at org.spockframework.mock.response.ResponseGeneratorChain.respond(ResponseGeneratorChain.java:44)
            at org.spockframework.mock.runtime.MockInteraction.accept(MockInteraction.java:73)
            at org.spockframework.mock.runtime.MockInteractionDecorator.accept(MockInteractionDecorator.java:50)
            at org.spockframework.mock.runtime.InteractionScope$1.accept(InteractionScope.java:57)
            at org.spockframework.mock.runtime.MockController.handle(MockController.java:40)
            at org.spockframework.mock.runtime.GroovyMockMetaClass.doInvokeMethod(GroovyMockMetaClass.java:111)
            at org.spockframework.mock.runtime.GroovyMockMetaClass.invokeMethod(GroovyMockMetaClass.java:41)
            at org.spockframework.mock.runtime.GroovyMockMetaClass.getProperty(GroovyMockMetaClass.java:57)
            at java.base/java.lang.Class.forName(Class.java:467)
            at java.base/java.security.AccessController.doPrivileged(AccessController.java:318)
            at com.morpheusdata.scvmm.util.MorpheusUtilSpec.saveAndGetMorpheusServer should save server successfully and return updated server when fullReload is false(MorpheusUtilSpec.groovy:56)
[0K[1m  Test [22msaveAndGetMorpheusServer should handle save failure and return failed server[31m FAILED[31m

  java.lang.NoClassDefFoundError: Could not initialize class com.morpheusdata.scvmm.util.MorpheusUtil
      at java.base/java.lang.Class.forName(Class.java:467)
      at java.base/java.security.AccessController.doPrivileged(AccessController.java:318)
      at com.morpheusdata.scvmm.util.MorpheusUtilSpec.saveAndGetMorpheusServer should handle save failure and return failed server(MorpheusUtilSpec.groovy:102)
  Caused by: java.lang.ExceptionInInitializerError: Exception org.codehaus.groovy.runtime.typehandling.GroovyCastException: Cannot cast object 'Mock for type 'LogInterface' named 'mockLog'' with class 'jdk.proxy3.$Proxy26' to class 'com.morpheusdata.scvmm.logging.LogWrapper' [in thread "Test worker"]
      at org.spockframework.mock.response.ConstantResponseGenerator.doRespond(ConstantResponseGenerator.java:35)
      at org.spockframework.mock.response.SingleResponseGenerator.respond(SingleResponseGenerator.java:32)
      at org.spockframework.mock.response.ResponseGeneratorChain.respond(ResponseGeneratorChain.java:44)
      at org.spockframework.mock.runtime.MockInteraction.accept(MockInteraction.java:73)
      at org.spockframework.mock.runtime.MockInteractionDecorator.accept(MockInteractionDecorator.java:50)
      at org.spockframework.mock.runtime.InteractionScope$1.accept(InteractionScope.java:57)
      at org.spockframework.mock.runtime.MockController.handle(MockController.java:40)
      at org.spockframework.mock.runtime.GroovyMockMetaClass.doInvokeMethod(GroovyMockMetaClass.java:111)
      at org.spockframework.mock.runtime.GroovyMockMetaClass.invokeMethod(GroovyMockMetaClass.java:41)
      at org.spockframework.mock.runtime.GroovyMockMetaClass.getProperty(GroovyMockMetaClass.java:57)
      at java.base/java.lang.Class.forName(Class.java:467)
      at java.base/java.security.AccessController.doPrivileged(AccessController.java:318)
      at com.morpheusdata.scvmm.util.MorpheusUtilSpec.saveAndGetMorpheusServer should save server successfully and return updated server when fullReload is false(MorpheusUtilSpec.groovy:56)
[m

MorpheusUtilSpec > saveAndGetMorpheusServer should handle save failure and return failed server FAILED
    java.lang.NoClassDefFoundError: Could not initialize class com.morpheusdata.scvmm.util.MorpheusUtil
        at java.base/java.lang.Class.forName(Class.java:467)
        at java.base/java.security.AccessController.doPrivileged(AccessController.java:318)
        at com.morpheusdata.scvmm.util.MorpheusUtilSpec.saveAndGetMorpheusServer should handle save failure and return failed server(MorpheusUtilSpec.groovy:102)

        Caused by:
        java.lang.ExceptionInInitializerError: Exception org.codehaus.groovy.runtime.typehandling.GroovyCastException: Cannot cast object 'Mock for type 'LogInterface' named 'mockLog'' with class 'jdk.proxy3.$Proxy26' to class 'com.morpheusdata.scvmm.logging.LogWrapper' [in thread "Test worker"]
            at org.spockframework.mock.response.ConstantResponseGenerator.doRespond(ConstantResponseGenerator.java:35)
            at org.spockframework.mock.response.SingleResponseGenerator.respond(SingleResponseGenerator.java:32)
            at org.spockframework.mock.response.ResponseGeneratorChain.respond(ResponseGeneratorChain.java:44)
            at org.spockframework.mock.runtime.MockInteraction.accept(MockInteraction.java:73)
            at org.spockframework.mock.runtime.MockInteractionDecorator.accept(MockInteractionDecorator.java:50)
            at org.spockframework.mock.runtime.InteractionScope$1.accept(InteractionScope.java:57)
            at org.spockframework.mock.runtime.MockController.handle(MockController.java:40)
            at org.spockframework.mock.runtime.GroovyMockMetaClass.doInvokeMethod(GroovyMockMetaClass.java:111)
            at org.spockframework.mock.runtime.GroovyMockMetaClass.invokeMethod(GroovyMockMetaClass.java:41)
            at org.spockframework.mock.runtime.GroovyMockMetaClass.getProperty(GroovyMockMetaClass.java:57)
            at java.base/java.lang.Class.forName(Class.java:467)
            at java.base/java.security.AccessController.doPrivileged(AccessController.java:318)
            at com.morpheusdata.scvmm.util.MorpheusUtilSpec.saveAndGetMorpheusServer should save server successfully and return updated server when fullReload is false(MorpheusUtilSpec.groovy:56)
[0K[1m  Test [22msaveAndGetMorpheusServer should return original server when save fails and no failed item exists[31m FAILED[31m

  java.lang.NoClassDefFoundError: Could not initialize class com.morpheusdata.scvmm.util.MorpheusUtil
      at java.base/java.lang.Class.forName(Class.java:467)
      at java.base/java.security.AccessController.doPrivileged(AccessController.java:318)
      at com.morpheusdata.scvmm.util.MorpheusUtilSpec.saveAndGetMorpheusServer should return original server when save fails and no failed item exists(MorpheusUtilSpec.groovy:122)
  Caused by: java.lang.ExceptionInInitializerError: Exception org.codehaus.groovy.runtime.typehandling.GroovyCastException: Cannot cast object 'Mock for type 'LogInterface' named 'mockLog'' with class 'jdk.proxy3.$Proxy26' to class 'com.morpheusdata.scvmm.logging.LogWrapper' [in thread "Test worker"]
      at org.spockframework.mock.response.ConstantResponseGenerator.doRespond(ConstantResponseGenerator.java:35)
      at org.spockframework.mock.response.SingleResponseGenerator.respond(SingleResponseGenerator.java:32)
      at org.spockframework.mock.response.ResponseGeneratorChain.respond(ResponseGeneratorChain.java:44)
      at org.spockframework.mock.runtime.MockInteraction.accept(MockInteraction.java:73)
      at org.spockframework.mock.runtime.MockInteractionDecorator.accept(MockInteractionDecorator.java:50)
      at org.spockframework.mock.runtime.InteractionScope$1.accept(InteractionScope.java:57)
      at org.spockframework.mock.runtime.MockController.handle(MockController.java:40)
      at org.spockframework.mock.runtime.GroovyMockMetaClass.doInvokeMethod(GroovyMockMetaClass.java:111)
      at org.spockframework.mock.runtime.GroovyMockMetaClass.invokeMethod(GroovyMockMetaClass.java:41)
      at org.spockframework.mock.runtime.GroovyMockMetaClass.getProperty(GroovyMockMetaClass.java:57)
      at java.base/java.lang.Class.forName(Class.java:467)
      at java.base/java.security.AccessController.doPrivileged(AccessController.java:318)
      at com.morpheusdata.scvmm.util.MorpheusUtilSpec.saveAndGetMorpheusServer should save server successfully and return updated server when fullReload is false(MorpheusUtilSpec.groovy:56)
[m

MorpheusUtilSpec > saveAndGetMorpheusServer should return original server when save fails and no failed item exists FAILED
    java.lang.NoClassDefFoundError: Could not initialize class com.morpheusdata.scvmm.util.MorpheusUtil
        at java.base/java.lang.Class.forName(Class.java:467)
        at java.base/java.security.AccessController.doPrivileged(AccessController.java:318)
        at com.morpheusdata.scvmm.util.MorpheusUtilSpec.saveAndGetMorpheusServer should return original server when save fails and no failed item exists(MorpheusUtilSpec.groovy:122)

        Caused by:
        java.lang.ExceptionInInitializerError: Exception org.codehaus.groovy.runtime.typehandling.GroovyCastException: Cannot cast object 'Mock for type 'LogInterface' named 'mockLog'' with class 'jdk.proxy3.$Proxy26' to class 'com.morpheusdata.scvmm.logging.LogWrapper' [in thread "Test worker"]
            at org.spockframework.mock.response.ConstantResponseGenerator.doRespond(ConstantResponseGenerator.java:35)
            at org.spockframework.mock.response.SingleResponseGenerator.respond(SingleResponseGenerator.java:32)
            at org.spockframework.mock.response.ResponseGeneratorChain.respond(ResponseGeneratorChain.java:44)
            at org.spockframework.mock.runtime.MockInteraction.accept(MockInteraction.java:73)
            at org.spockframework.mock.runtime.MockInteractionDecorator.accept(MockInteractionDecorator.java:50)
            at org.spockframework.mock.runtime.InteractionScope$1.accept(InteractionScope.java:57)
            at org.spockframework.mock.runtime.MockController.handle(MockController.java:40)
            at org.spockframework.mock.runtime.GroovyMockMetaClass.doInvokeMethod(GroovyMockMetaClass.java:111)
            at org.spockframework.mock.runtime.GroovyMockMetaClass.invokeMethod(GroovyMockMetaClass.java:41)
            at org.spockframework.mock.runtime.GroovyMockMetaClass.getProperty(GroovyMockMetaClass.java:57)
            at java.base/java.lang.Class.forName(Class.java:467)
            at java.base/java.security.AccessController.doPrivileged(AccessController.java:318)
            at com.morpheusdata.scvmm.util.MorpheusUtilSpec.saveAndGetMorpheusServer should save server successfully and return updated server when fullReload is false(MorpheusUtilSpec.groovy:56)
[0K[1m  Test [22msaveAndGetMorpheusServer should return original server when save result has no matching persisted item[31m FAILED[31m

  java.lang.NoClassDefFoundError: Could not initialize class com.morpheusdata.scvmm.util.MorpheusUtil
      at java.base/java.lang.Class.forName(Class.java:467)
      at java.base/java.security.AccessController.doPrivileged(AccessController.java:318)
      at com.morpheusdata.scvmm.util.MorpheusUtilSpec.saveAndGetMorpheusServer should return original server when save result has no matching persisted item(MorpheusUtilSpec.groovy:143)
  Caused by: java.lang.ExceptionInInitializerError: Exception org.codehaus.groovy.runtime.typehandling.GroovyCastException: Cannot cast object 'Mock for type 'LogInterface' named 'mockLog'' with class 'jdk.proxy3.$Proxy26' to class 'com.morpheusdata.scvmm.logging.LogWrapper' [in thread "Test worker"]
      at org.spockframework.mock.response.ConstantResponseGenerator.doRespond(ConstantResponseGenerator.java:35)
      at org.spockframework.mock.response.SingleResponseGenerator.respond(SingleResponseGenerator.java:32)
      at org.spockframework.mock.response.ResponseGeneratorChain.respond(ResponseGeneratorChain.java:44)
      at org.spockframework.mock.runtime.MockInteraction.accept(MockInteraction.java:73)
      at org.spockframework.mock.runtime.MockInteractionDecorator.accept(MockInteractionDecorator.java:50)
      at org.spockframework.mock.runtime.InteractionScope$1.accept(InteractionScope.java:57)
      at org.spockframework.mock.runtime.MockController.handle(MockController.java:40)
      at org.spockframework.mock.runtime.GroovyMockMetaClass.doInvokeMethod(GroovyMockMetaClass.java:111)
      at org.spockframework.mock.runtime.GroovyMockMetaClass.invokeMethod(GroovyMockMetaClass.java:41)
      at org.spockframework.mock.runtime.GroovyMockMetaClass.getProperty(GroovyMockMetaClass.java:57)
      at java.base/java.lang.Class.forName(Class.java:467)
      at java.base/java.security.AccessController.doPrivileged(AccessController.java:318)
      at com.morpheusdata.scvmm.util.MorpheusUtilSpec.saveAndGetMorpheusServer should save server successfully and return updated server when fullReload is false(MorpheusUtilSpec.groovy:56)
[m

MorpheusUtilSpec > saveAndGetMorpheusServer should return original server when save result has no matching persisted item FAILED
    java.lang.NoClassDefFoundError: Could not initialize class com.morpheusdata.scvmm.util.MorpheusUtil
        at java.base/java.lang.Class.forName(Class.java:467)
        at java.base/java.security.AccessController.doPrivileged(AccessController.java:318)
        at com.morpheusdata.scvmm.util.MorpheusUtilSpec.saveAndGetMorpheusServer should return original server when save result has no matching persisted item(MorpheusUtilSpec.groovy:143)

        Caused by:
        java.lang.ExceptionInInitializerError: Exception org.codehaus.groovy.runtime.typehandling.GroovyCastException: Cannot cast object 'Mock for type 'LogInterface' named 'mockLog'' with class 'jdk.proxy3.$Proxy26' to class 'com.morpheusdata.scvmm.logging.LogWrapper' [in thread "Test worker"]
            at org.spockframework.mock.response.ConstantResponseGenerator.doRespond(ConstantResponseGenerator.java:35)
            at org.spockframework.mock.response.SingleResponseGenerator.respond(SingleResponseGenerator.java:32)
            at org.spockframework.mock.response.ResponseGeneratorChain.respond(ResponseGeneratorChain.java:44)
            at org.spockframework.mock.runtime.MockInteraction.accept(MockInteraction.java:73)
            at org.spockframework.mock.runtime.MockInteractionDecorator.accept(MockInteractionDecorator.java:50)
            at org.spockframework.mock.runtime.InteractionScope$1.accept(InteractionScope.java:57)
            at org.spockframework.mock.runtime.MockController.handle(MockController.java:40)
            at org.spockframework.mock.runtime.GroovyMockMetaClass.doInvokeMethod(GroovyMockMetaClass.java:111)
            at org.spockframework.mock.runtime.GroovyMockMetaClass.invokeMethod(GroovyMockMetaClass.java:41)
            at org.spockframework.mock.runtime.GroovyMockMetaClass.getProperty(GroovyMockMetaClass.java:57)
            at java.base/java.lang.Class.forName(Class.java:467)
            at java.base/java.security.AccessController.doPrivileged(AccessController.java:318)
            at com.morpheusdata.scvmm.util.MorpheusUtilSpec.saveAndGetMorpheusServer should save server successfully and return updated server when fullReload is false(MorpheusUtilSpec.groovy:56)
[0K[1m  Test [22mgetMorpheusServer should find server by id with correct DataQuery[31m FAILED[31m

  java.lang.NoClassDefFoundError: Could not initialize class com.morpheusdata.scvmm.util.MorpheusUtil
      at java.base/java.lang.Class.forName(Class.java:467)
      at java.base/java.security.AccessController.doPrivileged(AccessController.java:318)
      at com.morpheusdata.scvmm.util.MorpheusUtilSpec.getMorpheusServer should find server by id with correct DataQuery(MorpheusUtilSpec.groovy:159)
  Caused by: java.lang.ExceptionInInitializerError: Exception org.codehaus.groovy.runtime.typehandling.GroovyCastException: Cannot cast object 'Mock for type 'LogInterface' named 'mockLog'' with class 'jdk.proxy3.$Proxy26' to class 'com.morpheusdata.scvmm.logging.LogWrapper' [in thread "Test worker"]
      at org.spockframework.mock.response.ConstantResponseGenerator.doRespond(ConstantResponseGenerator.java:35)
      at org.spockframework.mock.response.SingleResponseGenerator.respond(SingleResponseGenerator.java:32)
      at org.spockframework.mock.response.ResponseGeneratorChain.respond(ResponseGeneratorChain.java:44)
      at org.spockframework.mock.runtime.MockInteraction.accept(MockInteraction.java:73)
      at org.spockframework.mock.runtime.MockInteractionDecorator.accept(MockInteractionDecorator.java:50)
      at org.spockframework.mock.runtime.InteractionScope$1.accept(InteractionScope.java:57)
      at org.spockframework.mock.runtime.MockController.handle(MockController.java:40)
      at org.spockframework.mock.runtime.GroovyMockMetaClass.doInvokeMethod(GroovyMockMetaClass.java:111)
      at org.spockframework.mock.runtime.GroovyMockMetaClass.invokeMethod(GroovyMockMetaClass.java:41)
      at org.spockframework.mock.runtime.GroovyMockMetaClass.getProperty(GroovyMockMetaClass.java:57)
      at java.base/java.lang.Class.forName(Class.java:467)
      at java.base/java.security.AccessController.doPrivileged(AccessController.java:318)
      at com.morpheusdata.scvmm.util.MorpheusUtilSpec.saveAndGetMorpheusServer should save server successfully and return updated server when fullReload is false(MorpheusUtilSpec.groovy:56)
[m

MorpheusUtilSpec > getMorpheusServer should find server by id with correct DataQuery FAILED
    java.lang.NoClassDefFoundError: Could not initialize class com.morpheusdata.scvmm.util.MorpheusUtil
        at java.base/java.lang.Class.forName(Class.java:467)
        at java.base/java.security.AccessController.doPrivileged(AccessController.java:318)
        at com.morpheusdata.scvmm.util.MorpheusUtilSpec.getMorpheusServer should find server by id with correct DataQuery(MorpheusUtilSpec.groovy:159)

        Caused by:
        java.lang.ExceptionInInitializerError: Exception org.codehaus.groovy.runtime.typehandling.GroovyCastException: Cannot cast object 'Mock for type 'LogInterface' named 'mockLog'' with class 'jdk.proxy3.$Proxy26' to class 'com.morpheusdata.scvmm.logging.LogWrapper' [in thread "Test worker"]
            at org.spockframework.mock.response.ConstantResponseGenerator.doRespond(ConstantResponseGenerator.java:35)
            at org.spockframework.mock.response.SingleResponseGenerator.respond(SingleResponseGenerator.java:32)
            at org.spockframework.mock.response.ResponseGeneratorChain.respond(ResponseGeneratorChain.java:44)
            at org.spockframework.mock.runtime.MockInteraction.accept(MockInteraction.java:73)
            at org.spockframework.mock.runtime.MockInteractionDecorator.accept(MockInteractionDecorator.java:50)
            at org.spockframework.mock.runtime.InteractionScope$1.accept(InteractionScope.java:57)
            at org.spockframework.mock.runtime.MockController.handle(MockController.java:40)
            at org.spockframework.mock.runtime.GroovyMockMetaClass.doInvokeMethod(GroovyMockMetaClass.java:111)
            at org.spockframework.mock.runtime.GroovyMockMetaClass.invokeMethod(GroovyMockMetaClass.java:41)
            at org.spockframework.mock.runtime.GroovyMockMetaClass.getProperty(GroovyMockMetaClass.java:57)
            at java.base/java.lang.Class.forName(Class.java:467)
            at java.base/java.security.AccessController.doPrivileged(AccessController.java:318)
            at com.morpheusdata.scvmm.util.MorpheusUtilSpec.saveAndGetMorpheusServer should save server successfully and return updated server when fullReload is false(MorpheusUtilSpec.groovy:56)
[0K[1m  Test [22mgetMorpheusServer should return null when server not found[31m FAILED[31m

  java.lang.NoClassDefFoundError: Could not initialize class com.morpheusdata.scvmm.util.MorpheusUtil
      at java.base/java.lang.Class.forName(Class.java:467)
      at java.base/java.security.AccessController.doPrivileged(AccessController.java:318)
      at com.morpheusdata.scvmm.util.MorpheusUtilSpec.getMorpheusServer should return null when server not found(MorpheusUtilSpec.groovy:177)
  Caused by: java.lang.ExceptionInInitializerError: Exception org.codehaus.groovy.runtime.typehandling.GroovyCastException: Cannot cast object 'Mock for type 'LogInterface' named 'mockLog'' with class 'jdk.proxy3.$Proxy26' to class 'com.morpheusdata.scvmm.logging.LogWrapper' [in thread "Test worker"]
      at org.spockframework.mock.response.ConstantResponseGenerator.doRespond(ConstantResponseGenerator.java:35)
      at org.spockframework.mock.response.SingleResponseGenerator.respond(SingleResponseGenerator.java:32)
      at org.spockframework.mock.response.ResponseGeneratorChain.respond(ResponseGeneratorChain.java:44)
      at org.spockframework.mock.runtime.MockInteraction.accept(MockInteraction.java:73)
      at org.spockframework.mock.runtime.MockInteractionDecorator.accept(MockInteractionDecorator.java:50)
      at org.spockframework.mock.runtime.InteractionScope$1.accept(InteractionScope.java:57)
      at org.spockframework.mock.runtime.MockController.handle(MockController.java:40)
      at org.spockframework.mock.runtime.GroovyMockMetaClass.doInvokeMethod(GroovyMockMetaClass.java:111)
      at org.spockframework.mock.runtime.GroovyMockMetaClass.invokeMethod(GroovyMockMetaClass.java:41)
      at org.spockframework.mock.runtime.GroovyMockMetaClass.getProperty(GroovyMockMetaClass.java:57)
      at java.base/java.lang.Class.forName(Class.java:467)
      at java.base/java.security.AccessController.doPrivileged(AccessController.java:318)
      at com.morpheusdata.scvmm.util.MorpheusUtilSpec.saveAndGetMorpheusServer should save server successfully and return updated server when fullReload is false(MorpheusUtilSpec.groovy:56)
[m

MorpheusUtilSpec > getMorpheusServer should return null when server not found FAILED
    java.lang.NoClassDefFoundError: Could not initialize class com.morpheusdata.scvmm.util.MorpheusUtil
        at java.base/java.lang.Class.forName(Class.java:467)
        at java.base/java.security.AccessController.doPrivileged(AccessController.java:318)
        at com.morpheusdata.scvmm.util.MorpheusUtilSpec.getMorpheusServer should return null when server not found(MorpheusUtilSpec.groovy:177)

        Caused by:
        java.lang.ExceptionInInitializerError: Exception org.codehaus.groovy.runtime.typehandling.GroovyCastException: Cannot cast object 'Mock for type 'LogInterface' named 'mockLog'' with class 'jdk.proxy3.$Proxy26' to class 'com.morpheusdata.scvmm.logging.LogWrapper' [in thread "Test worker"]
            at org.spockframework.mock.response.ConstantResponseGenerator.doRespond(ConstantResponseGenerator.java:35)
            at org.spockframework.mock.response.SingleResponseGenerator.respond(SingleResponseGenerator.java:32)
            at org.spockframework.mock.response.ResponseGeneratorChain.respond(ResponseGeneratorChain.java:44)
            at org.spockframework.mock.runtime.MockInteraction.accept(MockInteraction.java:73)
            at org.spockframework.mock.runtime.MockInteractionDecorator.accept(MockInteractionDecorator.java:50)
            at org.spockframework.mock.runtime.InteractionScope$1.accept(InteractionScope.java:57)
            at org.spockframework.mock.runtime.MockController.handle(MockController.java:40)
            at org.spockframework.mock.runtime.GroovyMockMetaClass.doInvokeMethod(GroovyMockMetaClass.java:111)
            at org.spockframework.mock.runtime.GroovyMockMetaClass.invokeMethod(GroovyMockMetaClass.java:41)
            at org.spockframework.mock.runtime.GroovyMockMetaClass.getProperty(GroovyMockMetaClass.java:57)
            at java.base/java.lang.Class.forName(Class.java:467)
            at java.base/java.security.AccessController.doPrivileged(AccessController.java:318)
            at com.morpheusdata.scvmm.util.MorpheusUtilSpec.saveAndGetMorpheusServer should save server successfully and return updated server when fullReload is false(MorpheusUtilSpec.groovy:56)
[0K[1m  Test [22mgetMorpheusServer should handle different server ids correctly[31m FAILED[31m

  java.lang.NoClassDefFoundError: Could not initialize class com.morpheusdata.scvmm.util.MorpheusUtil
      at java.base/java.lang.Class.forName(Class.java:467)
      at java.base/java.security.AccessController.doPrivileged(AccessController.java:318)
      at com.morpheusdata.scvmm.util.MorpheusUtilSpec.getMorpheusServer should handle different server ids correctly(MorpheusUtilSpec.groovy:197)
  Caused by: java.lang.ExceptionInInitializerError: Exception org.codehaus.groovy.runtime.typehandling.GroovyCastException: Cannot cast object 'Mock for type 'LogInterface' named 'mockLog'' with class 'jdk.proxy3.$Proxy26' to class 'com.morpheusdata.scvmm.logging.LogWrapper' [in thread "Test worker"]
      at org.spockframework.mock.response.ConstantResponseGenerator.doRespond(ConstantResponseGenerator.java:35)
      at org.spockframework.mock.response.SingleResponseGenerator.respond(SingleResponseGenerator.java:32)
      at org.spockframework.mock.response.ResponseGeneratorChain.respond(ResponseGeneratorChain.java:44)
      at org.spockframework.mock.runtime.MockInteraction.accept(MockInteraction.java:73)
      at org.spockframework.mock.runtime.MockInteractionDecorator.accept(MockInteractionDecorator.java:50)
      at org.spockframework.mock.runtime.InteractionScope$1.accept(InteractionScope.java:57)
      at org.spockframework.mock.runtime.MockController.handle(MockController.java:40)
      at org.spockframework.mock.runtime.GroovyMockMetaClass.doInvokeMethod(GroovyMockMetaClass.java:111)
      at org.spockframework.mock.runtime.GroovyMockMetaClass.invokeMethod(GroovyMockMetaClass.java:41)
      at org.spockframework.mock.runtime.GroovyMockMetaClass.getProperty(GroovyMockMetaClass.java:57)
      at java.base/java.lang.Class.forName(Class.java:467)
      at java.base/java.security.AccessController.doPrivileged(AccessController.java:318)
      at com.morpheusdata.scvmm.util.MorpheusUtilSpec.saveAndGetMorpheusServer should save server successfully and return updated server when fullReload is false(MorpheusUtilSpec.groovy:56)
[m

MorpheusUtilSpec > getMorpheusServer should handle different server ids correctly FAILED
    java.lang.NoClassDefFoundError: Could not initialize class com.morpheusdata.scvmm.util.MorpheusUtil
        at java.base/java.lang.Class.forName(Class.java:467)
        at java.base/java.security.AccessController.doPrivileged(AccessController.java:318)
        at com.morpheusdata.scvmm.util.MorpheusUtilSpec.getMorpheusServer should handle different server ids correctly(MorpheusUtilSpec.groovy:197)

        Caused by:
        java.lang.ExceptionInInitializerError: Exception org.codehaus.groovy.runtime.typehandling.GroovyCastException: Cannot cast object 'Mock for type 'LogInterface' named 'mockLog'' with class 'jdk.proxy3.$Proxy26' to class 'com.morpheusdata.scvmm.logging.LogWrapper' [in thread "Test worker"]
            at org.spockframework.mock.response.ConstantResponseGenerator.doRespond(ConstantResponseGenerator.java:35)
            at org.spockframework.mock.response.SingleResponseGenerator.respond(SingleResponseGenerator.java:32)
            at org.spockframework.mock.response.ResponseGeneratorChain.respond(ResponseGeneratorChain.java:44)
            at org.spockframework.mock.runtime.MockInteraction.accept(MockInteraction.java:73)
            at org.spockframework.mock.runtime.MockInteractionDecorator.accept(MockInteractionDecorator.java:50)
            at org.spockframework.mock.runtime.InteractionScope$1.accept(InteractionScope.java:57)
            at org.spockframework.mock.runtime.MockController.handle(MockController.java:40)
            at org.spockframework.mock.runtime.GroovyMockMetaClass.doInvokeMethod(GroovyMockMetaClass.java:111)
            at org.spockframework.mock.runtime.GroovyMockMetaClass.invokeMethod(GroovyMockMetaClass.java:41)
            at org.spockframework.mock.runtime.GroovyMockMetaClass.getProperty(GroovyMockMetaClass.java:57)
            at java.base/java.lang.Class.forName(Class.java:467)
            at java.base/java.security.AccessController.doPrivileged(AccessController.java:318)
            at com.morpheusdata.scvmm.util.MorpheusUtilSpec.saveAndGetMorpheusServer should save server successfully and return updated server when fullReload is false(MorpheusUtilSpec.groovy:56)
[0K[1m  Test [22msaveAndGetMorpheusServer should handle null server gracefully[31m FAILED[31m

  java.lang.NoClassDefFoundError: Could not initialize class com.morpheusdata.scvmm.util.MorpheusUtil
      at java.base/java.lang.Class.forName(Class.java:467)
      at java.base/java.security.AccessController.doPrivileged(AccessController.java:318)
      at com.morpheusdata.scvmm.util.MorpheusUtilSpec.saveAndGetMorpheusServer should handle null server gracefully(MorpheusUtilSpec.groovy:225)
  Caused by: java.lang.ExceptionInInitializerError: Exception org.codehaus.groovy.runtime.typehandling.GroovyCastException: Cannot cast object 'Mock for type 'LogInterface' named 'mockLog'' with class 'jdk.proxy3.$Proxy26' to class 'com.morpheusdata.scvmm.logging.LogWrapper' [in thread "Test worker"]
      at org.spockframework.mock.response.ConstantResponseGenerator.doRespond(ConstantResponseGenerator.java:35)
      at org.spockframework.mock.response.SingleResponseGenerator.respond(SingleResponseGenerator.java:32)
      at org.spockframework.mock.response.ResponseGeneratorChain.respond(ResponseGeneratorChain.java:44)
      at org.spockframework.mock.runtime.MockInteraction.accept(MockInteraction.java:73)
      at org.spockframework.mock.runtime.MockInteractionDecorator.accept(MockInteractionDecorator.java:50)
      at org.spockframework.mock.runtime.InteractionScope$1.accept(InteractionScope.java:57)
      at org.spockframework.mock.runtime.MockController.handle(MockController.java:40)
      at org.spockframework.mock.runtime.GroovyMockMetaClass.doInvokeMethod(GroovyMockMetaClass.java:111)
      at org.spockframework.mock.runtime.GroovyMockMetaClass.invokeMethod(GroovyMockMetaClass.java:41)
      at org.spockframework.mock.runtime.GroovyMockMetaClass.getProperty(GroovyMockMetaClass.java:57)
      at java.base/java.lang.Class.forName(Class.java:467)
      at java.base/java.security.AccessController.doPrivileged(AccessController.java:318)
      at com.morpheusdata.scvmm.util.MorpheusUtilSpec.saveAndGetMorpheusServer should save server successfully and return updated server when fullReload is false(MorpheusUtilSpec.groovy:56)
[m

MorpheusUtilSpec > saveAndGetMorpheusServer should handle null server gracefully FAILED
    java.lang.NoClassDefFoundError: Could not initialize class com.morpheusdata.scvmm.util.MorpheusUtil
        at java.base/java.lang.Class.forName(Class.java:467)
        at java.base/java.security.AccessController.doPrivileged(AccessController.java:318)
        at com.morpheusdata.scvmm.util.MorpheusUtilSpec.saveAndGetMorpheusServer should handle null server gracefully(MorpheusUtilSpec.groovy:225)

        Caused by:
        java.lang.ExceptionInInitializerError: Exception org.codehaus.groovy.runtime.typehandling.GroovyCastException: Cannot cast object 'Mock for type 'LogInterface' named 'mockLog'' with class 'jdk.proxy3.$Proxy26' to class 'com.morpheusdata.scvmm.logging.LogWrapper' [in thread "Test worker"]
            at org.spockframework.mock.response.ConstantResponseGenerator.doRespond(ConstantResponseGenerator.java:35)
            at org.spockframework.mock.response.SingleResponseGenerator.respond(SingleResponseGenerator.java:32)
            at org.spockframework.mock.response.ResponseGeneratorChain.respond(ResponseGeneratorChain.java:44)
            at org.spockframework.mock.runtime.MockInteraction.accept(MockInteraction.java:73)
            at org.spockframework.mock.runtime.MockInteractionDecorator.accept(MockInteractionDecorator.java:50)
            at org.spockframework.mock.runtime.InteractionScope$1.accept(InteractionScope.java:57)
            at org.spockframework.mock.runtime.MockController.handle(MockController.java:40)
            at org.spockframework.mock.runtime.GroovyMockMetaClass.doInvokeMethod(GroovyMockMetaClass.java:111)
            at org.spockframework.mock.runtime.GroovyMockMetaClass.invokeMethod(GroovyMockMetaClass.java:41)
            at org.spockframework.mock.runtime.GroovyMockMetaClass.getProperty(GroovyMockMetaClass.java:57)
            at java.base/java.lang.Class.forName(Class.java:467)
            at java.base/java.security.AccessController.doPrivileged(AccessController.java:318)
            at com.morpheusdata.scvmm.util.MorpheusUtilSpec.saveAndGetMorpheusServer should save server successfully and return updated server when fullReload is false(MorpheusUtilSpec.groovy:56)
[0K[1m  Test [22msaveAndGetMorpheusServer with fullReload true should return original server when reload returns null[31m FAILED[31m

  java.lang.NoClassDefFoundError: Could not initialize class com.morpheusdata.scvmm.util.MorpheusUtil
      at java.base/java.lang.Class.forName(Class.java:467)
      at java.base/java.security.AccessController.doPrivileged(AccessController.java:318)
      at com.morpheusdata.scvmm.util.MorpheusUtilSpec.saveAndGetMorpheusServer with fullReload true should return original server when reload returns null(MorpheusUtilSpec.groovy:250)
  Caused by: java.lang.ExceptionInInitializerError: Exception org.codehaus.groovy.runtime.typehandling.GroovyCastException: Cannot cast object 'Mock for type 'LogInterface' named 'mockLog'' with class 'jdk.proxy3.$Proxy26' to class 'com.morpheusdata.scvmm.logging.LogWrapper' [in thread "Test worker"]
      at org.spockframework.mock.response.ConstantResponseGenerator.doRespond(ConstantResponseGenerator.java:35)
      at org.spockframework.mock.response.SingleResponseGenerator.respond(SingleResponseGenerator.java:32)
      at org.spockframework.mock.response.ResponseGeneratorChain.respond(ResponseGeneratorChain.java:44)
      at org.spockframework.mock.runtime.MockInteraction.accept(MockInteraction.java:73)
      at org.spockframework.mock.runtime.MockInteractionDecorator.accept(MockInteractionDecorator.java:50)
      at org.spockframework.mock.runtime.InteractionScope$1.accept(InteractionScope.java:57)
      at org.spockframework.mock.runtime.MockController.handle(MockController.java:40)
      at org.spockframework.mock.runtime.GroovyMockMetaClass.doInvokeMethod(GroovyMockMetaClass.java:111)
      at org.spockframework.mock.runtime.GroovyMockMetaClass.invokeMethod(GroovyMockMetaClass.java:41)
      at org.spockframework.mock.runtime.GroovyMockMetaClass.getProperty(GroovyMockMetaClass.java:57)
      at java.base/java.lang.Class.forName(Class.java:467)
      at java.base/java.security.AccessController.doPrivileged(AccessController.java:318)
      at com.morpheusdata.scvmm.util.MorpheusUtilSpec.saveAndGetMorpheusServer should save server successfully and return updated server when fullReload is false(MorpheusUtilSpec.groovy:56)
[m

MorpheusUtilSpec > saveAndGetMorpheusServer with fullReload true should return original server when reload returns null FAILED
    java.lang.NoClassDefFoundError: Could not initialize class com.morpheusdata.scvmm.util.MorpheusUtil
        at java.base/java.lang.Class.forName(Class.java:467)
        at java.base/java.security.AccessController.doPrivileged(AccessController.java:318)
        at com.morpheusdata.scvmm.util.MorpheusUtilSpec.saveAndGetMorpheusServer with fullReload true should return original server when reload returns null(MorpheusUtilSpec.groovy:250)

        Caused by:
        java.lang.ExceptionInInitializerError: Exception org.codehaus.groovy.runtime.typehandling.GroovyCastException: Cannot cast object 'Mock for type 'LogInterface' named 'mockLog'' with class 'jdk.proxy3.$Proxy26' to class 'com.morpheusdata.scvmm.logging.LogWrapper' [in thread "Test worker"]
            at org.spockframework.mock.response.ConstantResponseGenerator.doRespond(ConstantResponseGenerator.java:35)
            at org.spockframework.mock.response.SingleResponseGenerator.respond(SingleResponseGenerator.java:32)
            at org.spockframework.mock.response.ResponseGeneratorChain.respond(ResponseGeneratorChain.java:44)
            at org.spockframework.mock.runtime.MockInteraction.accept(MockInteraction.java:73)
            at org.spockframework.mock.runtime.MockInteractionDecorator.accept(MockInteractionDecorator.java:50)
            at org.spockframework.mock.runtime.InteractionScope$1.accept(InteractionScope.java:57)
            at org.spockframework.mock.runtime.MockController.handle(MockController.java:40)
            at org.spockframework.mock.runtime.GroovyMockMetaClass.doInvokeMethod(GroovyMockMetaClass.java:111)
            at org.spockframework.mock.runtime.GroovyMockMetaClass.invokeMethod(GroovyMockMetaClass.java:41)
            at org.spockframework.mock.runtime.GroovyMockMetaClass.getProperty(GroovyMockMetaClass.java:57)
            at java.base/java.lang.Class.forName(Class.java:467)
            at java.base/java.security.AccessController.doPrivileged(AccessController.java:318)
            at com.morpheusdata.scvmm.util.MorpheusUtilSpec.saveAndGetMorpheusServer should save server successfully and return updated server when fullReload is false(MorpheusUtilSpec.groovy:56)

[0K[1;31mFAILURE: [39mExecuted 10 tests in 1s (10 failed)[m


10 tests completed, 10 failed

FAILURE: Build failed with an exception.

* What went wrong:
Execution failed for task ':test'.
> There were failing tests. See the report at: file:///Users/Ragul/Downloads/morpheus-scvmm-plugin-ut/UT_Main/build/reports/tests/test/index.html

* Try:
> Run with --scan to get full insights.

BUILD FAILED in 1s
6 actionable tasks: 1 executed, 5 up-to-date
